// Jest Snapshot v1, https://goo.gl/fbAQLP

exports[`Component: ErrorState match snapshot component 1`] = `
<div
  className="error-block"
>
  <h2>
    Что-то пошло не так
  </h2>
</div>
`;

exports[`Component: SubmitResult match snapshot component 1`] = `
<div
  className="error-block"
>
  <h2>
    Что-то пошло не так
  </h2>
</div>
`;
