// Jest Snapshot v1, https://goo.gl/fbAQLP

exports[`Component: ErrorBlock match snapshot component 1`] = `
<div
  className="error-wrapper"
>
  <div
    className="error-block"
  >
    <h2>
      Что-то пошло не так
    </h2>
    <p>
      error test
    </p>
  </div>
</div>
`;

exports[`Component: ErrorBlock match snapshot component 1`] = `
<div
  className="error-wrapper"
>
  <div
    className="error-block"
  >
    <h2>
      Что-то пошло не так
    </h2>
    <p>
      error test
    </p>
  </div>
</div>
`;
