// Jest Snapshot v1, https://goo.gl/fbAQLP

exports[`Component: Form snapshot component 1`] = `
<ForwardRef(InternalForm)
  initialValues={
    Object {
      "email": "",
      "phoneNumber": "",
      "userName": "",
    }
  }
  labelCol={
    Object {
      "span": 8,
    }
  }
  onFinish={[Function]}
  onValuesChange={[Function]}
  wrapperCol={
    Object {
      "span": 16,
    }
  }
>
  <h2>
    Контакты
  </h2>
  <FormItem
    name="userName"
    placeholder="Ваше имя"
  />
  <div
    className="form-row"
  >
    <FormItem
      name="phoneNumber"
      placeholder="Телефон"
    />
    <FormItem
      name="email"
      placeholder="E-mail"
    />
  </div>
  <div
    className="form-row"
  >
    <Button
      htmlType="submit"
      type="primary"
    >
      Отправить заявку
    </Button>
    <p>
      Нажимая на кнопку «Отправить заявку», вы соглашаетесь на обработку персональных данных
    </p>
  </div>
</ForwardRef(InternalForm)>
`;

exports[`Component: Form when render elements snapshot component 1`] = `
<ForwardRef(InternalForm)
  initialValues={
    Object {
      "email": "",
      "phoneNumber": "",
      "userName": "",
    }
  }
  labelCol={
    Object {
      "span": 8,
    }
  }
  onFinish={[Function]}
  onValuesChange={[Function]}
  wrapperCol={
    Object {
      "span": 16,
    }
  }
>
  <h2>
    Контакты
  </h2>
  <FormItem
    name="userName"
    placeholder="Ваше имя"
  />
  <div
    className="form-row"
  >
    <FormItem
      name="phoneNumber"
      placeholder="Телефон"
    />
    <FormItem
      name="email"
      placeholder="E-mail"
    />
  </div>
  <div
    className="form-row"
  >
    <Button
      htmlType="submit"
      type="primary"
    >
      Отправить заявку
    </Button>
    <p>
      Нажимая на кнопку «Отправить заявку», вы соглашаетесь на обработку персональных данных
    </p>
  </div>
</ForwardRef(InternalForm)>
`;

exports[`Component: Form when request status is null should match snapshot 1`] = `
<ForwardRef(InternalForm)
  initialValues={
    Object {
      "email": "",
      "phoneNumber": "",
      "userName": "",
    }
  }
  labelCol={
    Object {
      "span": 8,
    }
  }
  onFinish={[Function]}
  onValuesChange={[Function]}
  wrapperCol={
    Object {
      "span": 16,
    }
  }
>
  <h2>
    Контакты
  </h2>
  <FormItem
    name="userName"
    placeholder="Ваше имя"
  />
  <div
    className="form-row"
  >
    <FormItem
      name="phoneNumber"
      placeholder="Телефон"
    />
    <FormItem
      name="email"
      placeholder="E-mail"
    />
  </div>
  <div
    className="form-row"
  >
    <Button
      htmlType="submit"
      type="primary"
    >
      Отправить заявку
    </Button>
    <p>
      Нажимая на кнопку «Отправить заявку», вы соглашаетесь на обработку персональных данных
    </p>
  </div>
</ForwardRef(InternalForm)>
`;
